[INFO] Scanning for projects...
[INFO] 
[INFO] ----------------------< com.example:spring-crud >-----------------------
[INFO] Building spring-crud 0.0.1-SNAPSHOT
[INFO]   from pom.xml
[INFO] --------------------------------[ jar ]---------------------------------
[INFO] 
[INFO] --- clean:3.3.2:clean (default-clean) @ spring-crud ---
[INFO] Deleting D:\JDBC\hospital_CRUD\target
[INFO] 
[INFO] --- resources:3.3.1:resources (default-resources) @ spring-crud ---
[INFO] Copying 1 resource from src\main\resources to target\classes
[INFO] Copying 14 resources from src\main\resources to target\classes
[INFO] 
[INFO] --- compiler:3.11.0:compile (default-compile) @ spring-crud ---
[INFO] Changes detected - recompiling the module! :source
[INFO] Compiling 33 source files with javac [debug release 17] to target\classes
[INFO] -------------------------------------------------------------
[ERROR] COMPILATION ERROR : 
[INFO] -------------------------------------------------------------
[ERROR] /D:/JDBC/hospital_CRUD/src/main/java/com/example/springcrud/model/pet.java:[8,8] class Pet is public, should be declared in a file named Pet.java
[INFO] 1 error
[INFO] -------------------------------------------------------------
[INFO] ------------------------------------------------------------------------
[INFO] BUILD FAILURE
[INFO] ------------------------------------------------------------------------
[INFO] Total time:  15.188 s
[INFO] Finished at: 2026-02-12T18:33:10+05:30
[INFO] ------------------------------------------------------------------------
[ERROR] Failed to execute goal org.apache.maven.plugins:maven-compiler-plugin:3.11.0:compile (default-compile) on project spring-crud: Compilation failure
[ERROR] /D:/JDBC/hospital_CRUD/src/main/java/com/example/springcrud/model/pet.java:[8,8] class Pet is public, should be declared in a file named Pet.java
[ERROR] 
[ERROR] -> [Help 1]
[ERROR] 
[ERROR] To see the full stack trace of the errors, re-run Maven with the -e switch.
[ERROR] Re-run Maven using the -X switch to enable full debug logging.
[ERROR] 
[ERROR] For more information about the errors and possible solutions, please read the following articles:
[ERROR] [Help 1] http://cwiki.apache.org/confluence/display/MAVEN/MojoFailureException
